Read	.target.size "tests/registration-1product.xml" 1
Return	$["expired":[], "failed":[], "no_subscription":[], "provisional":[], "registered":["SUSE_SLES"], "registered_system":true, "rma":[], "timestamp":1280122800]
Read	.target.size "tests/registration-2products.xml" 1
Return	$["expired":[], "failed":[], "no_subscription":[], "provisional":[], "registered":["SUSE_SLES", "sle-slms"], "registered_system":true, "rma":[], "timestamp":1280122800]
Read	.target.size "tests/registration-expired.xml" 1
Return	$["expired":["sle-slms"], "failed":[], "no_subscription":[], "provisional":[], "registered":["SUSE_SLES"], "registered_system":true, "rma":[], "timestamp":1280122800]
Read	.target.size "tests/registration-error.xml" 1
Return	$["expired":[], "failed":["SUSE_SLES", "sle-slms"], "no_subscription":[], "provisional":[], "registered":[], "registered_system":true, "rma":[], "timestamp":1279715826]
